de55196a904946166c3cc81375f26cfe07072ed5edc6cd108aa9e45645c8e0dc  rs/cmd/sha256/example_file.txt
