Hello thomas!
Hello thomas!
Hello thomas!
Hello thomas!
Hello thomas!
Hello thomas!
Hello thomas!
Hello thomas!
